<html>
<body>
<pre>
<h1>µVision Build Log</h1>
<h2>Project:</h2>
K:\Ñ§Ï°\¼¤¹â²â¾àµ÷ÊÔ\2017 3 7\¼¤¹â²â¾à\USER\STM32-DEMO.uvproj
Project File Date:  03/06/2017

<h2>Output:</h2>
Build target 'USART1-DEMO'
assembling startup_stm32f10x_hd.s...
compiling main.c...
main.c(22): warning:  #223-D: function "DelayNuS" declared implicitly
main.c:         DelayNuS(10000000);
main.c:         ^
main.c(23): warning:  #223-D: function "UART1SendByte" declared implicitly
main.c:         UART1SendByte('O') ; //¼¤¹â²â¾à¿ª»ú
main.c:         ^
main.c: main.c: 2 warnings, 0 errors
compiling stm32f10x_it.c...
compiling usart1.c...
compiling exti.c...
exti.c(121): warning:  #167-D: argument of type "unsigned char *" is incompatible with parameter of type "char *restrict"
exti.c:                                         sprintf(cc,"$STSDI,%d,2,2,2,2,2,2,2,2",num);
exti.c:                                                 ^
exti.c: exti.c: 1 warning, 0 errors
compiling stm32f10x_gpio.c...
compiling stm32f10x_rcc.c...
compiling stm32f10x_usart.c...
compiling misc.c...
compiling stm32f10x_adc.c...
compiling stm32f10x_bkp.c...
compiling stm32f10x_can.c...
compiling stm32f10x_crc.c...
compiling stm32f10x_dac.c...
compiling stm32f10x_dbgmcu.c...
compiling stm32f10x_dma.c...
compiling stm32f10x_exti.c...
compiling stm32f10x_flash.c...
compiling stm32f10x_fsmc.c...
compiling stm32f10x_i2c.c...
compiling stm32f10x_iwdg.c...
compiling stm32f10x_pwr.c...
compiling stm32f10x_rtc.c...
compiling stm32f10x_sdio.c...
compiling stm32f10x_spi.c...
compiling stm32f10x_tim.c...
compiling stm32f10x_wwdg.c...
compiling core_cm3.c...
compiling system_stm32f10x.c...
linking...
Program Size: Code=4848 RO-data=436 RW-data=32 ZI-data=576  
FromELF: creating hex file...
"..\STM32-DEMO.axf" - 0 Error(s), 3 Warning(s).
